[    0.000000] Linux version 4.15.0-212-generic (buildd@lcy02-amd64-083) (gcc version 7.5.0 (Ubuntu 7.5.0-3ubuntu1~18.04)) #223-Ubuntu SMP Tue May 23 13:09:22 UTC 2023 (Ubuntu 4.15.0-212.223-generic 4.15.18)
[    0.000000] Command line: BOOT_IMAGE=/boot/vmlinuz-4.15.0-212-generic root=LABEL=cloudimg-rootfs ro console=tty1 console=ttyS0
[    0.000000] KERNEL supported cpus:
[    0.000000]   Intel GenuineIntel
[    0.000000]   AMD AuthenticAMD
[    0.000000]   Centaur CentaurHauls
[    0.000000] x86/fpu: Supporting XSAVE feature 0x001: 'x87 floating point registers'
[    0.000000] x86/fpu: Supporting XSAVE feature 0x002: 'SSE registers'
[    0.000000] x86/fpu: Supporting XSAVE feature 0x004: 'AVX registers'
[    0.000000] x86/fpu: xstate_offset[2]:  576, xstate_sizes[2]:  256
[    0.000000] x86/fpu: Enabled xstate features 0x7, context size is 832 bytes, using 'standard' format.
[    0.000000] e820: BIOS-provided physical RAM map:
[    0.000000] BIOS-e820: [mem 0x0000000000000000-0x000000000009fbff] usable
[    0.000000] BIOS-e820: [mem 0x000000000009fc00-0x000000000009ffff] reserved
[    0.000000] BIOS-e820: [mem 0x00000000000f0000-0x00000000000fffff] reserved
[    0.000000] BIOS-e820: [mem 0x0000000000100000-0x000000007ffeffff] usable
[    0.000000] BIOS-e820: [mem 0x000000007fff0000-0x000000007fffffff] ACPI data
[    0.000000] BIOS-e820: [mem 0x00000000fec00000-0x00000000fec00fff] reserved
[    0.000000] BIOS-e820: [mem 0x00000000fee00000-0x00000000fee00fff] reserved
[    0.000000] BIOS-e820: [mem 0x00000000fffc0000-0x00000000ffffffff] reserved
[    0.000000] NX (Execute Disable) protection: active
[    0.000000] SMBIOS 2.5 present.
[    0.000000] DMI: innotek GmbH VirtualBox/VirtualBox, BIOS VirtualBox 12/01/2006
[    0.000000] Hypervisor detected: KVM
[    0.000000] e820: last_pfn = 0x7fff0 max_arch_pfn = 0x400000000
[    0.000000] MTRR: Disabled
[    0.000000] x86/PAT: MTRRs disabled, skipping PAT initialization too.
[    0.000000] CPU MTRRs all blank - virtualized system.
[    0.000000] x86/PAT: Configuration [0-7]: WB  WT  UC- UC  WB  WT  UC- UC  
[    0.000000] found SMP MP-table at [mem 0x0009fff0-0x0009ffff]
[    0.000000] Scanning 1 areas for low memory corruption
[    0.000000] RAMDISK: [mem 0x359cb000-0x36cdcfff]
[    0.000000] ACPI: Early table checksum verification disabled
[    0.000000] ACPI: RSDP 0x00000000000E0000 000024 (v02 VBOX  )
[    0.000000] ACPI: XSDT 0x000000007FFF0030 00003C (v01 VBOX   VBOXXSDT 00000001 ASL  00000061)
[    0.000000] ACPI: FACP 0x000000007FFF00F0 0000F4 (v04 VBOX   VBOXFACP 00000001 ASL  00000061)
[    0.000000] ACPI: DSDT 0x000000007FFF0610 002353 (v02 VBOX   VBOXBIOS 00000002 INTL 20100528)
[    0.000000] ACPI: FACS 0x000000007FFF0200 000040
[    0.000000] ACPI: FACS 0x000000007FFF0200 000040
[    0.000000] ACPI: APIC 0x000000007FFF0240 00005C (v02 VBOX   VBOXAPIC 00000001 ASL  00000061)
[    0.000000] ACPI: SSDT 0x000000007FFF02A0 00036C (v01 VBOX   VBOXCPUT 00000002 INTL 20100528)
[    0.000000] ACPI: Reserving FACP table memory at [mem 0x7fff00f0-0x7fff01e3]
[    0.000000] ACPI: Reserving DSDT table memory at [mem 0x7fff0610-0x7fff2962]
[    0.000000] ACPI: Reserving FACS table memory at [mem 0x7fff0200-0x7fff023f]
[    0.000000] ACPI: Reserving FACS table memory at [mem 0x7fff0200-0x7fff023f]
[    0.000000] ACPI: Reserving APIC table memory at [mem 0x7fff0240-0x7fff029b]
[    0.000000] ACPI: Reserving SSDT table memory at [mem 0x7fff02a0-0x7fff060b]
[    0.000000] No NUMA configuration found
[    0.000000] Faking a node at [mem 0x0000000000000000-0x000000007ffeffff]
[    0.000000] NODE_DATA(0) allocated [mem 0x7ffc5000-0x7ffeffff]
[    0.000000] kvm-clock: cpu 0, msr 0:7ff44001, primary cpu clock
[    0.000000] kvm-clock: Using msrs 4b564d01 and 4b564d00
[    0.000000] kvm-clock: using sched offset of 3856389494 cycles
[    0.000000] clocksource: kvm-clock: mask: 0xffffffffffffffff max_cycles: 0x1cd42e4dffb, max_idle_ns: 881590591483 ns
[    0.000000] Zone ranges:
[    0.000000]   DMA      [mem 0x0000000000001000-0x0000000000ffffff]
[    0.000000]   DMA32    [mem 0x0000000001000000-0x000000007ffeffff]
[    0.000000]   Normal   empty
[    0.000000]   Device   empty
[    0.000000] Movable zone start for each node
[    0.000000] Early memory node ranges
[    0.000000]   node   0: [mem 0x0000000000001000-0x000000000009efff]
[    0.000000]   node   0: [mem 0x0000000000100000-0x000000007ffeffff]
[    0.000000] Reserved but unavailable: 104 pages
[    0.000000] Initmem setup node 0 [mem 0x0000000000001000-0x000000007ffeffff]
[    0.000000] ACPI: PM-Timer IO Port: 0x4008
[    0.000000] IOAPIC[0]: apic_id 2, version 32, address 0xfec00000, GSI 0-23
[    0.000000] ACPI: INT_SRC_OVR (bus 0 bus_irq 0 global_irq 2 dfl dfl)
[    0.000000] ACPI: INT_SRC_OVR (bus 0 bus_irq 9 global_irq 9 low level)
[    0.000000] Using ACPI (MADT) for SMP configuration information
[    0.000000] smpboot: Allowing 2 CPUs, 0 hotplug CPUs
[    0.000000] PM: Registered nosave memory: [mem 0x00000000-0x00000fff]
[    0.000000] PM: Registered nosave memory: [mem 0x0009f000-0x0009ffff]
[    0.000000] PM: Registered nosave memory: [mem 0x000a0000-0x000effff]
[    0.000000] PM: Registered nosave memory: [mem 0x000f0000-0x000fffff]
[    0.000000] e820: [mem 0x80000000-0xfebfffff] available for PCI devices
[    0.000000] Booting paravirtualized kernel on KVM
[    0.000000] clocksource: refined-jiffies: mask: 0xffffffff max_cycles: 0xffffffff, max_idle_ns: 7645519600211568 ns
[    0.000000] setup_percpu: NR_CPUS:8192 nr_cpumask_bits:2 nr_cpu_ids:2 nr_node_ids:1
[    0.000000] percpu: Embedded 50 pages/cpu s167936 r8192 d28672 u1048576
[    0.000000] PV qspinlock hash table entries: 256 (order: 0, 4096 bytes)
[    0.000000] Built 1 zonelists, mobility grouping on.  Total pages: 515961
[    0.000000] Policy zone: DMA32
[    0.000000] Kernel command line: BOOT_IMAGE=/boot/vmlinuz-4.15.0-212-generic root=LABEL=cloudimg-rootfs ro console=tty1 console=ttyS0
[    0.000000] Memory: 2014836K/2096696K available (12300K kernel code, 2477K rwdata, 4324K rodata, 2480K init, 2720K bss, 81860K reserved, 0K cma-reserved)
[    0.000000] SLUB: HWalign=64, Order=0-3, MinObjects=0, CPUs=2, Nodes=1
[    0.000000] ftrace: allocating 39508 entries in 155 pages
[    0.004000] Hierarchical RCU implementation.
[    0.004000] 	RCU restricting CPUs from NR_CPUS=8192 to nr_cpu_ids=2.
[    0.004000] 	Tasks RCU enabled.
[    0.004000] RCU: Adjusting geometry for rcu_fanout_leaf=16, nr_cpu_ids=2
[    0.004000] NR_IRQS: 524544, nr_irqs: 440, preallocated irqs: 16
[    0.004000] random: crng init done
[    0.004000] Console: colour VGA+ 80x25
[    0.004000] console [tty1] enabled
[    0.004000] console [ttyS0] enabled
[    0.004000] ACPI: Core revision 20170831
[    0.004000] ACPI: 2 ACPI AML tables successfully acquired and loaded
[    0.004000] APIC: Switch to symmetric I/O mode setup
[    0.004000] x2apic enabled
[    0.004000] Switched APIC routing to physical x2apic.
[    0.006275] ..TIMER: vector=0x30 apic1=0 pin1=2 apic2=-1 pin2=-1
[    0.008006] tsc: Detected 2687.998 MHz processor
[    0.009910] Calibrating delay loop (skipped) preset value.. 5375.99 BogoMIPS (lpj=10751992)
[    0.012004] pid_max: default: 32768 minimum: 301
[    0.013549] Security Framework initialized
[    0.016002] Yama: becoming mindful.
[    0.016757] AppArmor: AppArmor initialized
[    0.024107] Dentry cache hash table entries: 262144 (order: 9, 2097152 bytes)
[    0.032030] Inode-cache hash table entries: 131072 (order: 8, 1048576 bytes)
[    0.036019] Mount-cache hash table entries: 4096 (order: 3, 32768 bytes)
[    0.037798] Mountpoint-cache hash table entries: 4096 (order: 3, 32768 bytes)
[    0.040471] Last level iTLB entries: 4KB 0, 2MB 0, 4MB 0
[    0.042126] Last level dTLB entries: 4KB 0, 2MB 0, 4MB 0, 1GB 0
[    0.044014] Spectre V1 : Mitigation: usercopy/swapgs barriers and __user pointer sanitization
[    0.048005] Spectre V2 : Mitigation: Retpolines
[    0.050204] Spectre V2 : Spectre v2 / SpectreRSB mitigation: Filling RSB on context switch
[    0.052004] Spectre V2 : Spectre v2 / SpectreRSB : Filling RSB on VMEXIT
[    0.056004] Speculative Store Bypass: Vulnerable
[    0.060307] Freeing SMP alternatives memory: 36K
[    0.174776] smpboot: CPU0: 12th Gen Intel(R) Core(TM) i7-12700H (family: 0x6, model: 0x9a, stepping: 0x3)
[    0.176000] Performance Events: unsupported p6 CPU model 154 no PMU driver, software events only.
[    0.176000] Hierarchical SRCU implementation.
[    0.176000] NMI watchdog: Perf event create on CPU 0 failed with -2
[    0.176007] NMI watchdog: Perf NMI watchdog permanently disabled
[    0.178025] smp: Bringing up secondary CPUs ...
[    0.180188] x86: Booting SMP configuration:
[    0.181712] .... node  #0, CPUs:      #1
[    0.004000] kvm-clock: cpu 1, msr 0:7ff44041, secondary cpu clock
[    0.186931] smp: Brought up 1 node, 2 CPUs
[    0.188011] smpboot: Max logical packages: 1
[    0.190078] smpboot: Total of 2 processors activated (10751.99 BogoMIPS)
[    0.192101] devtmpfs: initialized
[    0.192399] x86/mm: Memory block size: 128MB
[    0.193196] evm: security.selinux
[    0.193551] evm: security.SMACK64
[    0.193917] evm: security.SMACK64EXEC
[    0.194291] evm: security.SMACK64TRANSMUTE
[    0.194722] evm: security.SMACK64MMAP
[    0.195124] evm: security.apparmor
[    0.196002] evm: security.ima
[    0.196873] evm: security.capability
[    0.198121] clocksource: jiffies: mask: 0xffffffff max_cycles: 0xffffffff, max_idle_ns: 7645041785100000 ns
[    0.200018] futex hash table entries: 512 (order: 3, 32768 bytes)
[    0.204088] pinctrl core: initialized pinctrl subsystem
[    0.208092] RTC time: 23:18:04, date: 03/10/24
[    0.209334] NET: Registered protocol family 16
[    0.209860] audit: initializing netlink subsys (disabled)
[    0.210508] audit: type=2000 audit(1710112689.154:1): state=initialized audit_enabled=0 res=1
[    0.212010] cpuidle: using governor ladder
[    0.213310] cpuidle: using governor menu
[    0.216071] ACPI: bus type PCI registered
[    0.217704] acpiphp: ACPI Hot Plug PCI Controller Driver version: 0.5
[    0.220164] PCI: Using configuration type 1 for base access
[    0.224287] HugeTLB registered 2.00 MiB page size, pre-allocated 0 pages
[    0.236115] ACPI: Added _OSI(Module Device)
[    0.237529] ACPI: Added _OSI(Processor Device)
[    0.240016] ACPI: Added _OSI(3.0 _SCP Extensions)
[    0.241626] ACPI: Added _OSI(Processor Aggregator Device)
[    0.243335] ACPI: Added _OSI(Linux-Dell-Video)
[    0.244013] ACPI: Added _OSI(Linux-Lenovo-NV-HDMI-Audio)
[    0.245407] ACPI: Added _OSI(Linux-HPI-Hybrid-Graphics)
[    0.248650] ACPI: Executed 1 blocks of module-level executable AML code
[    0.256508] ACPI: Interpreter enabled
[    0.257667] ACPI: (supports S0 S5)
[    0.258818] ACPI: Using IOAPIC for interrupt routing
[    0.260000] PCI: Using host bridge windows from ACPI; if necessary, use "pci=nocrs" and report a bug
[    0.260181] ACPI: Enabled 2 GPEs in block 00 to 07
[    0.269578] ACPI: PCI Root Bridge [PCI0] (domain 0000 [bus 00-ff])
[    0.271080] acpi PNP0A03:00: _OSC: OS supports [ASPM ClockPM Segments MSI]
[    0.272451] acpi PNP0A03:00: _OSC: not requesting OS control; OS requires [ExtendedConfig ASPM ClockPM MSI]
[    0.274893] acpi PNP0A03:00: fail to add MMCONFIG information, can't access extended PCI configuration space under this bridge.
[    0.276447] PCI host bridge to bus 0000:00
[    0.280004] pci_bus 0000:00: root bus resource [io  0x0000-0x0cf7 window]
[    0.281575] pci_bus 0000:00: root bus resource [io  0x0d00-0xffff window]
[    0.283137] pci_bus 0000:00: root bus resource [mem 0x000a0000-0x000bffff window]
[    0.284003] pci_bus 0000:00: root bus resource [mem 0x80000000-0xfdffffff window]
[    0.285765] pci_bus 0000:00: root bus resource [bus 00-ff]
[    0.290565] pci 0000:00:01.1: legacy IDE quirk: reg 0x10: [io  0x01f0-0x01f7]
[    0.292004] pci 0000:00:01.1: legacy IDE quirk: reg 0x14: [io  0x03f6]
[    0.293541] pci 0000:00:01.1: legacy IDE quirk: reg 0x18: [io  0x0170-0x0177]
[    0.296003] pci 0000:00:01.1: legacy IDE quirk: reg 0x1c: [io  0x0376]
[    0.338706] pci 0000:00:07.0: quirk: [io  0x4000-0x403f] claimed by PIIX4 ACPI
[    0.340032] pci 0000:00:07.0: quirk: [io  0x4100-0x410f] claimed by PIIX4 SMB
[    0.363764] ACPI: PCI Interrupt Link [LNKA] (IRQs 5 9 10 *11)
[    0.364556] ACPI: PCI Interrupt Link [LNKB] (IRQs 5 9 *10 11)
[    0.368177] ACPI: PCI Interrupt Link [LNKC] (IRQs 5 *9 10 11)
[    0.370205] ACPI: PCI Interrupt Link [LNKD] (IRQs 5 9 10 *11)
[    0.372670] SCSI subsystem initialized
[    0.373911] pci 0000:00:02.0: vgaarb: setting as boot VGA device
[    0.373911] pci 0000:00:02.0: vgaarb: VGA device added: decodes=io+mem,owns=io+mem,locks=none
[    0.376009] pci 0000:00:02.0: vgaarb: bridge control possible
[    0.377381] vgaarb: loaded
[    0.380098] ACPI: bus type USB registered
[    0.381410] usbcore: registered new interface driver usbfs
[    0.384070] usbcore: registered new interface driver hub
[    0.386083] usbcore: registered new device driver usb
[    0.388079] EDAC MC: Ver: 3.0.0
[    0.388790] PCI: Using ACPI for IRQ routing
[    0.392372] NetLabel: Initializing
[    0.393128] NetLabel:  domain hash size = 128
[    0.395418] NetLabel:  protocols = UNLABELED CIPSOv4 CALIPSO
[    0.396083] NetLabel:  unlabeled traffic allowed by default
[    0.398030] clocksource: Switched to clocksource kvm-clock
[    0.420240] VFS: Disk quotas dquot_6.6.0
[    0.421576] VFS: Dquot-cache hash table entries: 512 (order 0, 4096 bytes)
[    0.423681] AppArmor: AppArmor Filesystem Enabled
[    0.425240] pnp: PnP ACPI init
[    0.428799] pnp: PnP ACPI: found 3 devices
[    0.439055] clocksource: acpi_pm: mask: 0xffffff max_cycles: 0xffffff, max_idle_ns: 2085701024 ns
[    0.441546] NET: Registered protocol family 2
[    0.442728] IP idents hash table entries: 32768 (order: 6, 262144 bytes)
[    0.444698] TCP established hash table entries: 16384 (order: 5, 131072 bytes)
[    0.455357] TCP bind hash table entries: 16384 (order: 6, 262144 bytes)
[    0.457142] TCP: Hash tables configured (established 16384 bind 16384)
[    0.458781] UDP hash table entries: 1024 (order: 3, 32768 bytes)
[    0.460244] UDP-Lite hash table entries: 1024 (order: 3, 32768 bytes)
[    0.461877] NET: Registered protocol family 1
[    0.463071] pci 0000:00:00.0: Limiting direct PCI/PCI transfers
[    0.464695] pci 0000:00:01.0: Activating ISA DMA hang workarounds
[    0.466515] pci 0000:00:02.0: Video device with shadowed ROM at [mem 0x000c0000-0x000dffff]
[    0.469269] Unpacking initramfs...
[    1.047869] Freeing initrd memory: 19528K
[    1.048994] clocksource: tsc: mask: 0xffffffffffffffff max_cycles: 0x26bef4a354e, max_idle_ns: 440795213564 ns
[    1.052077] platform rtc_cmos: registered platform RTC device (no PNP device found)
[    1.054681] Scanning for low memory corruption every 60 seconds
[    1.058033] Initialise system trusted keyrings
[    1.059369] Key type blacklist registered
[    1.062283] workingset: timestamp_bits=36 max_order=19 bucket_order=0
[    1.065476] zbud: loaded
[    1.067539] squashfs: version 4.0 (2009/01/31) Phillip Lougher
[    1.069960] fuse init (API version 7.26)
[    1.073627] Key type asymmetric registered
[    1.074582] Asymmetric key parser 'x509' registered
[    1.075160] Block layer SCSI generic (bsg) driver version 0.4 loaded (major 246)
[    1.076143] io scheduler noop registered
[    1.076639] io scheduler deadline registered
[    1.077155] io scheduler cfq registered (default)
[    1.078081] ACPI: AC Adapter [AC] (on-line)
[    1.078611] input: Power Button as /devices/LNXSYSTM:00/LNXPWRBN:00/input/input0
[    1.079488] ACPI: Power Button [PWRF]
[    1.079961] input: Sleep Button as /devices/LNXSYSTM:00/LNXSLPBN:00/input/input1
[    1.082337] ACPI: Sleep Button [SLPF]
[    1.086115] ACPI: Battery Slot [BAT0] (battery present)
[    1.088703] Serial: 8250/16550 driver, 32 ports, IRQ sharing enabled
[    1.113678] 00:02: ttyS0 at I/O 0x3f8 (irq = 4, base_baud = 115200) is a 16550A
[    1.121745] Linux agpgart interface v0.103
[    1.125828] loop: module loaded
[    1.129136] scsi host0: ata_piix
[    1.130771] scsi host1: ata_piix
[    1.131807] ata1: PATA max UDMA/33 cmd 0x1f0 ctl 0x3f6 bmdma 0xd000 irq 14
[    1.133514] ata2: PATA max UDMA/33 cmd 0x170 ctl 0x376 bmdma 0xd008 irq 15
[    1.135255] tun: Universal TUN/TAP device driver, 1.6
[    1.136683] PPP generic driver version 2.4.2
[    1.137900] ehci_hcd: USB 2.0 'Enhanced' Host Controller (EHCI) Driver
[    1.139492] ehci-pci: EHCI PCI platform driver
[    1.140674] ehci-platform: EHCI generic platform driver
[    1.141932] ohci_hcd: USB 1.1 'Open' Host Controller (OHCI) Driver
[    1.143483] ohci-pci: OHCI PCI platform driver
[    1.144774] ohci-platform: OHCI generic platform driver
[    1.146066] uhci_hcd: USB Universal Host Controller Interface driver
[    1.147686] i8042: PNP: PS/2 Controller [PNP0303:PS2K,PNP0f03:PS2M] at 0x60,0x64 irq 1,12
[    1.150278] serio: i8042 KBD port at 0x60,0x64 irq 1
[    1.151486] serio: i8042 AUX port at 0x60,0x64 irq 12
[    1.152944] mousedev: PS/2 mouse device common for all mice
[    1.154357] rtc_cmos rtc_cmos: rtc core: registered rtc_cmos as rtc0
[    1.155191] rtc_cmos rtc_cmos: alarms up to one day, 114 bytes nvram
[    1.156613] i2c /dev entries driver
[    1.157627] device-mapper: uevent: version 1.0.3
[    1.158785] input: AT Translated Set 2 keyboard as /devices/platform/i8042/serio0/input/input2
[    1.160194] device-mapper: ioctl: 4.37.0-ioctl (2017-09-20) initialised: dm-devel@redhat.com
[    1.163023] ledtrig-cpu: registered to indicate activity on CPUs
[    1.164905] NET: Registered protocol family 10
[    1.171266] Segment Routing with IPv6
[    1.172622] NET: Registered protocol family 17
[    1.190748] Key type dns_resolver registered
[    1.192476] mce: Using 0 MCE banks
[    1.193689] RAS: Correctable Errors collector initialized.
[    1.195627] sched_clock: Marking stable (1192363432, 0)->(1517850262, -325486830)
[    1.198734] registered taskstats version 1
[    1.200083] Loading compiled-in X.509 certificates
[    1.205159] Loaded X.509 cert 'Build time autogenerated kernel key: b5b26778eaa3ab3a4a6cee031137706e947d12ad'
[    1.210987] Loaded X.509 cert 'Canonical Ltd. Live Patch Signing: 14df34d1a87cf37625abec039ef2bf521249b969'
[    1.216533] Loaded X.509 cert 'Canonical Ltd. Kernel Module Signing: 88f752e560a1e0737e31163a466ad7b70a850c19'
[    1.218947] blacklist: Loading compiled-in revocation X.509 certificates
[    1.220366] Loaded X.509 cert 'Canonical Ltd. Secure Boot Signing: 61482aa2830d0ab2ad5af10b7250da9033ddcef0'
[    1.222323] Loaded X.509 cert 'Canonical Ltd. Secure Boot Signing (2017): 242ade75ac4a15e50d50c84b0d45ff3eae707a03'
[    1.225179] Loaded X.509 cert 'Canonical Ltd. Secure Boot Signing (ESM 2018): 365188c1d374d6b07c3c8f240f8ef722433d6a8b'
[    1.227637] Loaded X.509 cert 'Canonical Ltd. Secure Boot Signing (2019): c0746fd6c5da3ae827864651ad66ae47fe24b3e8'
[    1.230694] Loaded X.509 cert 'Canonical Ltd. Secure Boot Signing (2021 v1): a8d54bbb3825cfb94fa13c9f8a594a195c107b8d'
[    1.234573] Loaded X.509 cert 'Canonical Ltd. Secure Boot Signing (2021 v2): 4cf046892d6fd3c9a5b03f98d845f90851dc6a8c'
[    1.239441] Loaded X.509 cert 'Canonical Ltd. Secure Boot Signing (2021 v3): 100437bb6de6e469b581e61cd66bce3ef4ed53af'
[    1.243237] Loaded X.509 cert 'Canonical Ltd. Secure Boot Signing (Ubuntu Core 2019): c1d57b8f6b743f23ee41f4f7ee292f06eecadfb9'
[    1.247005] zswap: loaded using pool lzo/zbud
[    1.254994] Key type big_key registered
[    1.256461] Key type trusted registered
[    1.259351] Key type encrypted registered
[    1.260796] AppArmor: AppArmor sha1 policy hashing enabled
[    1.261419] ima: No TPM chip found, activating TPM-bypass! (rc=-19)
[    1.262098] ima: Allocated hash algorithm: sha1
[    1.262871] evm: HMAC attrs: 0x1
[    1.264520]   Magic number: 0:445:352
[    1.266106] rtc_cmos rtc_cmos: setting system clock to 2024-03-10 23:18:05 UTC (1710112685)
[    1.268949] BIOS EDD facility v0.16 2004-Jun-25, 0 devices found
[    1.271006] EDD information not available.
[    1.321297] Freeing unused kernel image memory: 2480K
[    1.789059] Write protecting the kernel read-only data: 20480k
[    1.791978] Freeing unused kernel image memory: 2008K
[    1.794210] Freeing unused kernel image memory: 1820K
[    1.804874] x86/mm: Checked W+X mappings: passed, no W+X pages found.
Loading, please wait...
starting version 237
[    1.916980] e1000: Intel(R) PRO/1000 Network Driver - version 7.3.21-k8-NAPI
[    1.919603] e1000: Copyright (c) 1999-2006 Intel Corporation.
[    1.922588] Fusion MPT base driver 3.04.20
[    1.923982] Copyright (c) 1999-2008 LSI Corporation
[    1.928697] Fusion MPT SPI Host driver 3.04.20
[    1.978896] AVX2 version of gcm_enc/dec engaged.
[    1.979543] AES CTR mode by8 optimization enabled
[    2.170221] input: ImExPS/2 Generic Explorer Mouse as /devices/platform/i8042/serio1/input/input4
[    2.838350] e1000 0000:00:03.0 eth0: (PCI:33MHz:32-bit) 02:3b:7b:b7:3b:2d
[    2.839470] e1000 0000:00:03.0 eth0: Intel(R) PRO/1000 Network Connection
[    3.845446] e1000 0000:00:08.0 eth1: (PCI:33MHz:32-bit) 08:00:27:40:1f:3b
[    3.849286] e1000 0000:00:08.0 eth1: Intel(R) PRO/1000 Network Connection
[    3.854517] e1000 0000:00:08.0 enp0s8: renamed from eth1
[    3.857531] mptbase: ioc0: Initiating bringup
[    3.885892] e1000 0000:00:03.0 enp0s3: renamed from eth0
[    4.034057] ioc0: LSI53C1030 A0: Capabilities={Initiator}
[    6.013869] scsi host2: ioc0: LSI53C1030 A0, FwRev=00000000h, Ports=1, MaxQ=256, IRQ=20
[    7.810575] scsi 2:0:0:0: Direct-Access     VBOX     HARDDISK         1.0  PQ: 0 ANSI: 5
[    8.060694] scsi target2:0:0: Beginning Domain Validation
[    8.063991] scsi target2:0:0: Domain Validation skipping write tests
[    8.065689] scsi target2:0:0: Ending Domain Validation
[    8.066585] scsi target2:0:0: asynchronous
[    8.067613] scsi 2:0:1:0: Direct-Access     VBOX     HARDDISK         1.0  PQ: 0 ANSI: 5
[    9.085854] scsi target2:0:1: Beginning Domain Validation
[    9.089187] scsi target2:0:1: Domain Validation skipping write tests
[    9.091230] scsi target2:0:1: Ending Domain Validation
[    9.093731] scsi target2:0:1: asynchronous
[    9.099204] sd 2:0:0:0: [sda] 83886080 512-byte logical blocks: (42.9 GB/40.0 GiB)
[    9.102054] sd 2:0:0:0: Attached scsi generic sg0 type 0
[    9.103898] sd 2:0:0:0: [sda] Write Protect is off
[    9.105630] sd 2:0:0:0: [sda] Incomplete mode parameter data
[    9.107691] sd 2:0:0:0: [sda] Assuming drive cache: write through
[    9.110564] sd 2:0:1:0: Attached scsi generic sg1 type 0
[    9.112099] sd 2:0:1:0: [sdb] 20480 512-byte logical blocks: (10.5 MB/10.0 MiB)
[    9.113342] sd 2:0:1:0: [sdb] Write Protect is off
[    9.113997] sd 2:0:1:0: [sdb] Incomplete mode parameter data
[    9.116085] sd 2:0:1:0: [sdb] Assuming drive cache: write through
[    9.129015]  sda: sda1
[    9.132111] sd 2:0:1:0: [sdb] Attached SCSI disk
[    9.133616] sd 2:0:0:0: [sda] Attached SCSI disk
Begin: Loading essential drivers ... [   10.780041] raid6: sse2x1   gen()  7354 MB/s
[   10.832588] raid6: sse2x1   xor()  3916 MB/s
[   10.880192] raid6: sse2x2   gen()  8723 MB/s
[   10.928114] raid6: sse2x2   xor()  7442 MB/s
[   10.976218] raid6: sse2x4   gen() 10953 MB/s
[   11.024100] raid6: sse2x4   xor()  2968 MB/s
[   11.072198] raid6: avx2x1   gen() 16109 MB/s
[   11.120152] raid6: avx2x1   xor()  8345 MB/s
[   11.168493] raid6: avx2x2   gen() 17783 MB/s
[   11.216112] raid6: avx2x2   xor() 10489 MB/s
[   11.264283] raid6: avx2x4   gen()  8501 MB/s
[   11.312893] raid6: avx2x4   xor()  3612 MB/s
[   11.315488] raid6: using algorithm avx2x2 gen() 17783 MB/s
[   11.318329] raid6: .... xor() 10489 MB/s, rmw enabled
[   11.320776] raid6: using avx2x2 recovery algorithm
[   11.325489] xor: automatically using best checksumming function   avx       
[   11.329579] async_tx: api initialized (async)
done.
Begin: Running /scripts/init-premount ... done.
Begin: Mounting root file system ... Begin: Running /scripts/local-top ... done.
Begin: Running /scripts/local-premount ... [   11.384660] Btrfs loaded, crc32c=crc32c-intel
Scanning for Btrfs filesystems
done.
Warning: fsck not present, so skipping root file system
[   11.414695] EXT4-fs (sda1): mounted filesystem with ordered data mode. Opts: (null)
done.
Begin: Running /scripts/local-bottom ... done.
Begin: Running /scripts/init-bottom ... done.
[   11.578985] ip_tables: (C) 2000-2006 Netfilter Core Team
[   11.590161] systemd[1]: systemd 237 running in system mode. (+PAM +AUDIT +SELINUX +IMA +APPARMOR +SMACK +SYSVINIT +UTMP +LIBCRYPTSETUP +GCRYPT +GNUTLS +ACL +XZ +LZ4 +SECCOMP +BLKID +ELFUTILS +KMOD -IDN2 +IDN -PCRE2 default-hierarchy=hybrid)
[   11.596560] systemd[1]: Detected virtualization oracle.
[   11.597239] systemd[1]: Detected architecture x86-64.

Welcome to [1mUbuntu 18.04.6 LTS[0m!

[   11.605119] systemd[1]: Set hostname to <ubuntu>.
[   11.608379] systemd[1]: Initializing machine ID from random generator.
[   11.609986] systemd[1]: Installed transient /etc/machine-id file.
[   11.849583] systemd[1]: Reached target Mounting snaps.
[[0;32m  OK  [0m] Reached target Mounting snaps.
[   11.852579] systemd[1]: Set up automount Arbitrary Executable File Formats File System Automount Point.
[[0;32m  OK  [0m] Set up automount Arbitrary Executabâ€¦rmats File System Automount Point.
[   11.855824] systemd[1]: Reached target System Time Synchronized.
[[0;32m  OK  [0m] Reached target System Time Synchronized.
[   11.898516] systemd[1]: Reached target Mounted snaps.
[[0;32m  OK  [0m] Reached target Mounted snaps.
[[0;32m  OK  [0m] Reached target Swap.
[[0;32m  OK  [0m] Created slice User and Session Slice.
[[0;32m  OK  [0m] Created slice System Slice.
[[0;32m  OK  [0m] Created slice system-serial\x2dgetty.slice.
[[0;32m  OK  [0m] Listening on udev Control Socket.
[[0;32m  OK  [0m] Listening on Journal Audit Socket.
[[0;32m  OK  [0m] Listening on LVM2 metadata daemon socket.
[[0;32m  OK  [0m] Listening on fsck to fsckd communication Socket.
[[0;32m  OK  [0m] Listening on Device-mapper event daemon FIFOs.
[[0;32m  OK  [0m] Listening on udev Kernel Socket.
[[0;32m  OK  [0m] Listening on Journal Socket.
         Mounting Huge Pages File System...
         Mounting Kernel Debug File System...
         Starting Create list of required stâ€¦ce nodes for the current kernel...
         Starting Set the console keyboard layout...
         Starting Load Kernel Modules...
         Starting Uncomplicated firewall...
         Starting File System Check on Root Device...
         Mounting POSIX Message Queue File System...
         Starting udev Coldplug all Devices...
[[0;32m  OK  [0m] Listening on Syslog Socket.
[[0;32m  OK  [0m] Reached target Slices.
[[0;32m  OK  [0m] Listening on Network Service Netlink Socket.
[[0;32m  OK  [0m] Listening on Journal Socket (/dev/log).
         Starting Journal Service...
         Starting Monitoring of LVM2 mirrorsâ€¦ng dmeventd or progress polling...
[[0;32m  OK  [0m] Listening on LVM2 poll daemon socket.
[   13.109470] Loading iSCSI transport class v2.0-870.
[[0;32m  OK  [0m] Listening on /dev/initctl Compatibility Named Pipe.
[   13.116870] iscsi: registered transport (tcp)
[[0;32m  OK  [0m] Started Forward Password Requests to Wall Directory Watch.
[[0;32m  OK  [0m] Reached target User and Group Name Lookups.
[[0;32m  OK  [0m] Mounted Huge Pages File System.
[[0;32m  OK  [0m] Mounted Kernel Debug File System.
[[0;32m  OK  [0m] Started Create list of required staâ€¦vice nodes for the current kernel.
[[0;32m  OK  [0m] Mounted POSIX Message Queue File System.
         Starting Create Static Device Nodes in /dev...
[   13.135886] iscsi: registered transport (iser)
[[0;32m  OK  [0m] Started Load Kernel Modules.
[[0;32m  OK  [0m] Started Uncomplicated firewall.
[[0;32m  OK  [0m] Started File System Check Daemon to report status.
         Starting Apply Kernel Variables...
         Mounting FUSE Control File System...
         Mounting Kernel Configuration File System...
[[0;32m  OK  [0m] Mounted FUSE Control File System.
[[0;32m  OK  [0m] Mounted Kernel Configuration File System.
[[0;32m  OK  [0m] Started Create Static Device Nodes in /dev.
[[0;32m  OK  [0m] Started Journal Service.
[[0;32m  OK  [0m] Started LVM2 metadata daemon.
[[0;32m  OK  [0m] Started Apply Kernel Variables.
[[0;32m  OK  [0m] Started File System Check on Root Device.
[[0;32m  OK  [0m] Started udev Coldplug all Devices.
         Starting Remount Root and Kernel File Systems...
[[0;32m  OK  [0m] Started Remount Root and Kernel File Systems.
         Starting udev Kernel Device Manager...
         Starting Flush Journal to Persistent Storage...
         Starting Load/Save Random Seed...
[[0;32m  OK  [0m] Started Monitoring of LVM2 mirrors,â€¦sing dmeventd or progress polling.
[[0;32m  OK  [0m] Started udev Kernel Device Manager.
[[0;32m  OK  [0m] Started Load/Save Random Seed.
[[0;32m  OK  [0m] Started Flush Journal to Persistent Storage.
[[0;32m  OK  [0m] Found device /dev/ttyS0.
[[0;32m  OK  [0m] Listening on Load/Save RF Kill Switch Status /dev/rfkill Watch.
         Mounting Arbitrary Executable File Formats File System...
[[0;32m  OK  [0m] Mounted Arbitrary Executable File Formats File System.
[[0;32m  OK  [0m] Started Set the console keyboard layout.
[[0;32m  OK  [0m] Reached target Local File Systems (Pre).
[[0;32m  OK  [0m] Reached target Local File Systems.
         Starting Set console font and keymap...
         Starting Tell Plymouth To Write Out Runtime Data...
         Starting Commit a transient machine-id on disk...
         Starting ebtables ruleset management...
         Starting Create Volatile Files and Directories...
         Starting AppArmor initialization...
[[0;32m  OK  [0m] Started Dispatch Password Requests to Console Directory Watch.
[[0;32m  OK  [0m] Reached target Local Encrypted Volumes.
[[0;32m  OK  [0m] Started Tell Plymouth To Write Out Runtime Data.
[[0;32m  OK  [0m] Started Create Volatile Files and Directories.
         Starting Update UTMP about System Boot/Shutdown...
[[0;32m  OK  [0m] Started Update UTMP about System Boot/Shutdown.
[[0;32m  OK  [0m] Started Commit a transient machine-id on disk.
[[0;32m  OK  [0m] Started ebtables ruleset management.
[[0;32m  OK  [0m] Started AppArmor initialization.
         Starting Load AppArmor profiles managed internally by snapd...
         Starting Initial cloud-init job (pre-networking)...
[[0;32m  OK  [0m] Started Load AppArmor profiles managed internally by snapd.
[[0;32m  OK  [0m] Started Set console font and keymap.
[   18.034663] cloud-init[663]: Cloud-init v. 23.1.2-0ubuntu0~18.04.1 running 'init-local' at Sun, 10 Mar 2024 23:18:21 +0000. Up 17.57 seconds.
[[0;32m  OK  [0m] Started Initial cloud-init job (pre-networking).
[[0;32m  OK  [0m] Reached target Network (Pre).
         Starting Network Service...
[[0;32m  OK  [0m] Started Network Service.
         Starting Wait for Network to be Configured...
         Starting Network Name Resolution...
[[0;32m  OK  [0m] Started Network Name Resolution.
[[0;32m  OK  [0m] Reached target Network.
[[0;32m  OK  [0m] Reached target Host and Network Name Lookups.
[[0;32m  OK  [0m] Started Wait for Network to be Configured.
         Starting Initial cloud-init job (metadata service crawler)...
[   20.686436] cloud-init[948]: Cloud-init v. 23.1.2-0ubuntu0~18.04.1 running 'init' at Sun, 10 Mar 2024 23:18:24 +0000. Up 20.52 seconds.
[   20.696852] cloud-init[948]: ci-info: ++++++++++++++++++++++++++++++++++++++Net device info+++++++++++++++++++++++++++++++++++++++
[   20.698465] cloud-init[948]: ci-info: +--------+-------+----------------------------+---------------+--------+-------------------+
[   20.712438] cloud-init[948]: ci-info: | Device |   Up  |          Address           |      Mask     | Scope  |     Hw-Address    |
[   20.714403] cloud-init[948]: ci-info: +--------+-------+----------------------------+---------------+--------+-------------------+
[   20.717232] cloud-init[948]: ci-info: | enp0s3 |  True |         10.0.2.15          | 255.255.255.0 | global | 02:3b:7b:b7:3b:2d |
[   20.718525] cloud-init[948]: ci-info: | enp0s3 |  True | fe80::3b:7bff:feb7:3b2d/64 |       .       |  link  | 02:3b:7b:b7:3b:2d |
[   20.719506] cloud-init[948]: ci-info: | enp0s8 | False |             .              |       .       |   .    | 08:00:27:40:1f:3b |
[   20.722889] cloud-init[948]: ci-info: |   lo   |  True |         127.0.0.1          |   255.0.0.0   |  host  |         .         |
[   20.725465] cloud-init[948]: ci-info: |   lo   |  True |          ::1/128           |       .       |  host  |         .         |
[   20.728146] cloud-init[948]: ci-info: +--------+-------+----------------------------+---------------+--------+-------------------+
[   20.730794] cloud-init[948]: ci-info: ++++++++++++++++++++++++++++Route IPv4 info+++++++++++++++++++++++++++++
[   20.732854] cloud-init[948]: ci-info: +-------+-------------+----------+-----------------+-----------+-------+
[   20.735010] cloud-init[948]: ci-info: | Route | Destination | Gateway  |     Genmask     | Interface | Flags |
[   20.748975] cloud-init[948]: ci-info: +-------+-------------+----------+-----------------+-----------+-------+
[   20.760677] cloud-init[948]: ci-info: |   0   |   0.0.0.0   | 10.0.2.2 |     0.0.0.0     |   enp0s3  |   UG  |
[   20.772302] cloud-init[948]: ci-info: |   1   |   10.0.2.0  | 0.0.0.0  |  255.255.255.0  |   enp0s3  |   U   |
[   20.774513] cloud-init[948]: ci-info: |   2   |   10.0.2.2  | 0.0.0.0  | 255.255.255.255 |   enp0s3  |   UH  |
[   20.776637] cloud-init[948]: ci-info: +-------+-------------+----------+-----------------+-----------+-------+
[   20.778760] cloud-init[948]: ci-info: +++++++++++++++++++Route IPv6 info+++++++++++++++++++
[   20.780473] cloud-init[948]: ci-info: +-------+-------------+---------+-----------+-------+
[   20.792288] cloud-init[948]: ci-info: | Route | Destination | Gateway | Interface | Flags |
[   20.794029] cloud-init[948]: ci-info: +-------+-------------+---------+-----------+-------+
[   20.804291] cloud-init[948]: ci-info: |   1   |  fe80::/64  |    ::   |   enp0s3  |   U   |
[   20.806269] cloud-init[948]: ci-info: |   3   |    local    |    ::   |   enp0s3  |   U   |
[   20.806933] cloud-init[948]: ci-info: |   4   |   ff00::/8  |    ::   |   enp0s3  |   U   |
[   20.816255] cloud-init[948]: ci-info: +-------+-------------+---------+-----------+-------+
[   23.157738] cloud-init[948]: Generating public/private rsa key pair.
[   23.171630] cloud-init[948]: Your identification has been saved in /etc/ssh/ssh_host_rsa_key.
[   23.200368] cloud-init[948]: Your public key has been saved in /etc/ssh/ssh_host_rsa_key.pub.
[   23.200855] cloud-init[948]: The key fingerprint is:
[   23.201331] cloud-init[948]: SHA256:6bNosAqB5lwjmvXw3tgw+eAhz0iQBgVQc649iMUA9B8 root@ubuntu-bionic
[[0;32m  OK  [0m] Started Initial cloud-init job (metadata service crawler).
[   23.212336] cloud-init[948]: The key's randomart image is:
[   23.224794] cloud-init[948]: +---[RSA 2048]----+
[   23.224842] cloud-init[948]: |O++ .            |
[[   23.224932] cloud-init[948]: | +.+             |
[0;32m  OK  [0m] Reached target Network is Online.
[   23.225052] cloud-init[948]: |. o..E           |
[   23.229068] cloud-init[948]: |o+ +. .  .       |
[   23.230478] cloud-init[948]: |*+=oo.  S        |
[   23.230883] cloud-init[948]: |*=o+oo .         |
[   23.231291] cloud-init[948]: |+oo Oo  o        |
         Starting Availability of block devices...
[[0;32m  OK  [0m] Reached target Remote File Systems (Pre).
[[0;32m  OK  [0m] Reached target Remote File Systems.
[[0;32m  OK  [0m] Reached target Cloud-config availability.
[[0;32m  OK  [0m] Reached target System Initialization.
[   23.233828] cloud-init[948]: | o B.X.. o       |
[   23.236333] cloud-init[948]: |  o.*.= .        |
[   23.236961] cloud-init[948]: +----[SHA256]-----+
[[0;32m  OK  [0m] Started Discard unused blocks once a week.
[   23.238298] cloud-init[948]: Generating public/private dsa key pair.
[   23.249292] cloud-init[948]: Your identification has been saved in /etc/ssh/ssh_host_dsa_key.
[   23.251133] cloud-init[948]: Your public key has been saved in /etc/ssh/ssh_host_dsa_key.pub.
[[   23.252993] cloud-init[948]: The key fingerprint is:
[   23.253120] cloud-init[948]: SHA256:9H00A2kqLvaltCD5xhLDhlZJYTaGD9GK2rliyQc0tsA root@ubuntu-bionic
[   23.253928] cloud-init[948]: The key's randomart image is:
[   23.255495] cloud-init[948]: +---[DSA 1024]----+
[0;32m  OK  [0m] Started ACPI Events Check.
[   23.255928] cloud-init[948]: |  .+*.      ..   |
[[0;32m  OK  [0m[   23.259776] cloud-init[948]: |  o+o.      o.   |
[   23.260250] cloud-init[948]: |.. = .  .  o  +  |
[   23.260671] cloud-init[948]: |oE. +  ..... . o |
[   23.261446] cloud-init[948]: |=.o= . .S.. . .  |
[   23.262248] cloud-init[948]: |.o= B + o .  .   |
] Started Ubuntu Advantage Timer for running repeated jobs.
[[0;32m  OK  [0m] Started Daily apt download activities.
[   23.262692] cloud-init[948]: |..oo B = +       |
[   23.264408] cloud-init[948]: |.+... + +        |
[   23.264779] cloud-init[948]: |...  o           |
[   23.265146] cloud-init[948]: +----[SHA256]-----+
[   23.265493] cloud-init[948]: Generating public/private ecdsa key pair.
[   23.265955] cloud-init[948]: Your identification has been saved in /etc/ssh/ssh_host_ecdsa_key.
         Starting Socket activation for snappy daemon.
[[0;32m  OK  [0m] Started Daily apt upgrade and clean activities.
[[0;32m  OK  [0m] Listening on Open-iSCSI iscsid Socket.
[[0;32m  OK  [0m] Started Message of the Day.
[   23.268747] cloud-init[948]: Your public key has been saved in /etc/ssh/ssh_host_ecdsa_key.pub.
[   23.270103] cloud-init[948]: The key fingerprint is:
[   23.270637] cloud-init[948]: SHA256:HyitsQi2sDxsqzoeiz9LDHY1mDws4WI+HieCr7yIcCY root@ubuntu-bionic
[   23.271643] cloud-init[[0;32m  OK  [0m] Listening on D-Bus System Message Bus Socket.
[[0;32m  OK  [0m] Started Daily Cleanup of Temporary Directories.
[[0;32m  OK  [0m] Reached target Timers.
[948]: The key's randomart image is:
         Starting LXD - unix socket.
[[0;32m  OK  [0m] Listening on UUID daemon activation socket.
[   23.276258] cloud-init[[0;32m  OK  [0m] Listening on cloud-init hotplug hook socket.
[948]: +---[ECDSA 256]---+
[   23.278399] [[0;32m  OK  [0m] Listening on ACPID Listen Socket.
[[0;32m  OK  [0m] Reached target Paths.
cloud-init[948]: | .               |
[   23.280266] [[0;32m  OK  [0m] Started Availability of block devices.
[[0;32m  OK  [0m] Listening on Socket activation for snappy daemon.
[[0;32m  OK  [0m] Listening on LXD - unix socket.
[[0;32m  OK  [0m] Reached target Sockets.
[[0;32m  OK  [0m] Reached target Basic System.
cloud-init         Starting Dispatcher daemon for systemd-networkd...
         Starting LSB: automatic crash report generation...
         Starting Permit User Sessions...
         Starting Accounts Service...
[[0;32m  OK  [0m] Started irqbalance daemon.
[948]: |. + o            |
[[0;32m  OK  [0m] Started Deferred execution scheduler.
         Starting Virtualbox guest utils...
[   23.294810] cloud-init[948]: |.+ * o           |
[   23.302051] cloud-init[948]: |= . o .. .       |
[   23.303247] cloud-init[948]: |=*oo  o S .      |
[   23.304507] cloud-init[948]: |*B*o . = . .     |
[   23.316422] cloud-init[948]: |EBB . o   .      |
[   23.332232] cloud-init[948]: |O**              |
[   23.333152] cloud-init[948]: |@O+o             |
[   23.344795] cloud-init[948]: +----[SHA256]-----+
[   23.356306] cloud-init[948]: Generating public/private ed25519 key pair.
[   23.357257] cloud-init[948]: Your identification has been saved in /etc/ssh/ssh_host_ed25519_key.
[   23.358694] cloud-init[948]: Your public key has been saved in /etc/ssh/ssh_host_ed25519_key.pub.
[   23.359868] cloud-init[948]: The key fingerprint is:
[   23.361174] cloud-init[948]: SHA256:9K3ba2VWQBdrl3OTZvMCJWjt4V5gWnSP2IOLjmSl6G0 root@ubuntu-bionic
[   23.362905] cloud-init[948]: The key's randomart image is:
[   23.364171] cloud-init[948]: +--[ED25519 256]--+
[[0;32m  OK  [0m] Started Regular background program processing daemon.
[   23.368169] cloud-init[948]: |           +o.+.o|
[   23.369640] cloud-init[948]: |          o *B.++|
         Starting Login Service...
[   23.371324] cloud-init[948]: |        ...*+o+%+|
[   23.372466] cloud-init[948]: |       o +.ooo=.O|         Starting Pollinate to seed the pseudo random number generator...

[   23.376961] cloud-init[948]: |      . S o.o....|         Starting LXD - container startup/shutdown...

[[0;32m  OK  [0m] Started FUSE filesystem for LXC.
[   23.383542] cloud-init[948]: |     . + o .. +. |         Starting LSB: Record successful boot for GRUB...
         Starting System Logging Service...
[[0;32m  OK  [0m] Reached target Login Prompts (Pre).
[[0;32m  OK  [0m] Started D-Bus System Message Bus.

[   23.412458] cloud-init[948]: |      . E o  +   |
[   23.413668] cloud-init[948]: |       .   o.    |
[   23.414641] cloud-init[948]: |          ..o.   |
[   23.415339] cloud-init[948]: +----[SHA256]-----+
         Starting Snap Daemon...
[[0;32m  OK  [0m] Started System Logging Service.
[[0;32m  OK  [0m] Started Permit User Sessions.
         Starting Terminate Plymouth Boot Screen...
         Starting Hold until boot process finishes up...
[[0;32m  OK  [0m] Started Login Service.
[[0;32m  OK  [0m] Started Unattended Upgrades Shutdown.
[[0;32m  OK  [0m] Started Terminate Plymouth Boot Screen.
[[0;32m  OK  [0m] Started Hold until boot process finishes up.
         Starting Set console scheme...
[[0;32m  OK  [0m] Started Serial Getty on ttyS0.
[[0;32m  OK  [0m] Started Set console scheme.
[[0;32m  OK  [0m] Created slice system-getty.slice.
[[0;32m  OK  [0m] Started Getty on tty1.
[[0;32m  OK  [0m] Reached target Login Prompts.
         Starting Authorization Manager...
[[0;32m  OK  [0m] Started LSB: automatic crash report generation.
[[0;32m  OK  [0m] Started LSB: Record successful boot for GRUB.
[[0;32m  OK  [0m] Started Authorization Manager.
[[0;32m  OK  [0m] Started Accounts Service.
[[0;32m  OK  [0m] Started LXD - container startup/shutdown.
[[0;32m  OK  [0m] Started Dispatcher daemon for systemd-networkd.
[[0;32m  OK  [0m] Started Virtualbox guest utils.
[[0;32m  OK  [0m] Started Pollinate to seed the pseudo random number generator.
         Starting OpenBSD Secure Shell server...
[[0;32m  OK  [0m] Started OpenBSD Secure Shell server.
[[0;32m  OK  [0m] Started Snap Daemon.
         Starting Wait until snapd is fully seeded...
         Starting Time & Date Service...
[[0;32m  OK  [0m] Started Time & Date Service.
[[0;32m  OK  [0m] Created slice User Slice of vagrant.
         Starting User Manager for UID 1000...
[[0;32m  OK  [0m] Started Session 1 of user vagrant.
[[0;32m  OK  [0m] Started User Manager for UID 1000.
[[0;32m  OK  [0m] Started Wait until snapd is fully seeded.
         Starting Apply the settings specified in cloud-config...
[   28.870273] cloud-init[1506]: Cloud-init v. 23.1.2-0ubuntu0~18.04.1 running 'modules:config' at Sun, 10 Mar 2024 23:18:31 +0000. Up 27.62 seconds.

Ubuntu 18.04.6 LTS ubuntu-bionic ttyS0

ubuntu-bionic login: ci-info: no authorized SSH keys fingerprints found for user ubuntu.
<14>Mar 10 23:18:34 cloud-init: #############################################################
<14>Mar 10 23:18:34 cloud-init: -----BEGIN SSH HOST KEY FINGERPRINTS-----
<14>Mar 10 23:18:34 cloud-init: 1024 SHA256:9H00A2kqLvaltCD5xhLDhlZJYTaGD9GK2rliyQc0tsA root@ubuntu-bionic (DSA)
<14>Mar 10 23:18:34 cloud-init: 256 SHA256:HyitsQi2sDxsqzoeiz9LDHY1mDws4WI+HieCr7yIcCY root@ubuntu-bionic (ECDSA)
<14>Mar 10 23:18:34 cloud-init: 256 SHA256:9K3ba2VWQBdrl3OTZvMCJWjt4V5gWnSP2IOLjmSl6G0 root@ubuntu-bionic (ED25519)
<14>Mar 10 23:18:34 cloud-init: 2048 SHA256:6bNosAqB5lwjmvXw3tgw+eAhz0iQBgVQc649iMUA9B8 root@ubuntu-bionic (RSA)
<14>Mar 10 23:18:34 cloud-init: -----END SSH HOST KEY FINGERPRINTS-----
<14>Mar 10 23:18:34 cloud-init: #############################################################
-----BEGIN SSH HOST KEY KEYS-----
ecdsa-sha2-nistp256 AAAAE2VjZHNhLXNoYTItbmlzdHAyNTYAAAAIbmlzdHAyNTYAAABBBDNtJ5ue6pchZ80HdG7pEqm9QUOr422p8x/WkBRGPSXFzKsyoaWSa6fMCIPwWrfZiw85njfmdGHQwy5MJ+TzAOc= root@ubuntu-bionic
ssh-ed25519 AAAAC3NzaC1lZDI1NTE5AAAAIOVDdwOvQABibr+dpq1gX4KDbOi5Ga119VwV0/6By+BY root@ubuntu-bionic
ssh-rsa AAAAB3NzaC1yc2EAAAADAQABAAABAQDGdWp/yJiDdim/FiCQtrrEksO+whjfg2VEpj/LoU0/mbqkziO69/97O+z2ih+tjlTR/5A1/SmCDmNZ1XIFOC4f9HIJcnVzkO5iGefmma0uzKJDNi5Fa8b7YYalnZVYDyS5BtS9f7fYKAhCGdLoe+CxRtc6Qf+HpjRDZv4T0c244Gx5NOXnmjRYLgwbKqg9JtVXTYUkuV3LAAjjRUX1gqXankA7an7EsYdd6l2nV5dlGfuTRelNw37oIxY4eeD3oWqEzhV9O4NPcPTQiIcpv8uSmAkeyD66O6UjVoM0Qpn94KVsXzssZyGIJFKnbgdRgB2PKGSTvoWfrseK626y6cpB root@ubuntu-bionic
-----END SSH HOST KEY KEYS-----
[   30.175150] cloud-init[1635]: Cloud-init v. 23.1.2-0ubuntu0~18.04.1 running 'modules:final' at Sun, 10 Mar 2024 23:18:34 +0000. Up 29.94 seconds.
[   30.175885] cloud-init[1635]: Cloud-init v. 23.1.2-0ubuntu0~18.04.1 finished at Sun, 10 Mar 2024 23:18:34 +0000. Datasource DataSourceNoCloud [seed=/dev/sdb][dsmode=net].  Up 30.16 seconds
